// Jest Snapshot v1, https://goo.gl/fbAQLP

exports[`Select base demo works fine 1`] = `
<div>
  <div
    class="demo-select-base"
  >
    <div
      class="t-popup-reference"
      style="width: 100%; position: relative;"
    >
       
      <div
        class="t-select"
      >
        <svg
          class="t-icon t-icon-undefined t-select-left-icon"
          style="display: none;"
        >
          <use
            xlink:href="#t-icon-undefined"
          />
        </svg>
         
        <span
          class="t-select-placeholder"
        >
           请选择
        </span>
         
        <input
          name="t-select"
          style="width: 0px;"
          type="hidden"
        />
          
        <!---->
         
        <div
          class="t-input t-select-input"
          style="display: none;"
        >
          <input
            class="t-input__inner"
            placeholder="请选择"
            type="text"
          />
        </div>
         
        <svg
          class="t-icon t-icon-chevron-down t-select-right-icon t-is-visible"
        >
          <use
            xlink:href="#t-icon-chevron-down"
          />
        </svg>
         
        <svg
          class="t-icon t-icon-close t-select-right-icon"
          style="display: none;"
        >
          <use
            xlink:href="#t-icon-close"
          />
        </svg>
         
        <svg
          class="t-icon t-icon-loading t-select-right-icon"
          style="display: none;"
        >
          <use
            xlink:href="#t-icon-loading"
          />
        </svg>
         
        <!---->
      </div>
       
      <div
        class="resize-sensor"
        dir="ltr"
        style="pointer-events: none; position: absolute; left: 0px; top: 0px; right: 0px; bottom: 0px; overflow: hidden; z-index: -1; visibility: hidden; max-width: 100%;"
      >
        <div
          class="resize-sensor-expand"
          style="pointer-events: none; position: absolute; left: 0px; top: 0px; right: 0px; bottom: 0px; overflow: hidden; z-index: -1; visibility: hidden; max-width: 100%;"
        >
          <div
            style="position: absolute; left: 0px; top: 0px; transition: 0s;"
          />
        </div>
        <div
          class="resize-sensor-shrink"
          style="pointer-events: none; position: absolute; left: 0px; top: 0px; right: 0px; bottom: 0px; overflow: hidden; z-index: -1; visibility: hidden; max-width: 100%;"
        >
          <div
            style="position: absolute; left: 0px; top: 0px; transition: 0s; width: 200%; height: 200%;"
          />
        </div>
      </div>
    </div>
  </div>
</div>
`;
