// Jest Snapshot v1, https://goo.gl/fbAQLP

exports[`Slider base demo works fine 1`] = `
<div
  class="demo-slider"
>
  <div
    class="block"
  >
    <div
      aria-valuetext="12"
      class="t-slider-contianer"
      modelvalue="12"
    >
      <div
        aria-disabled="false"
        aria-orientation="horizontal"
        aria-valuemax="100"
        aria-valuemin="0"
        class="t-slider"
        role="slider"
      >
        <div
          class="t-slider__rail"
        >
          <div
            class="t-slider__track"
            style="width: 0%; left: 0%;"
          />
          <div
            class="t-slider__button-wrapper"
            disabled="false"
            show-tooltip="true"
            style="left: 0%;"
            tabindex="0"
          >
            <div
              class="t-popup-reference"
              popper-class=""
            >
              <transition-stub>
                <div
                  aria-hidden="true"
                  class="t-popup"
                  role="tooltip"
                  style="display: none;"
                >
                  <div
                    class="t-popup-content t-popup-content--arrow"
                    style="max-width: 480px;"
                  >
                    0
                    <div
                      class="t-popup__arrow"
                      data-popper-arrow="true"
                    />
                  </div>
                </div>
              </transition-stub>
              
              <div
                class="t-slider__button"
              />
              
            </div>
          </div>
          <!---->
          <!---->
          <!---->
        </div>
      </div>
      <div
        class="t-slider-input-container"
      >
        <!---->
        <!---->
        <!---->
      </div>
    </div>
  </div>
  <div
    class="block"
  >
    <div
      aria-valuetext="30-70"
      class="t-slider-contianer"
      modelvalue="30,70"
    >
      <div
        aria-disabled="false"
        aria-orientation="horizontal"
        aria-valuemax="100"
        aria-valuemin="0"
        class="t-slider"
        role="slider"
        tooltip-props="[object Object]"
      >
        <div
          class="t-slider__rail"
        >
          <div
            class="t-slider__track"
            style="width: 0%; left: 0%;"
          />
          <div
            class="t-slider__button-wrapper"
            disabled="false"
            show-tooltip="true"
            style="left: 0%;"
            tabindex="0"
          >
            <div
              class="t-popup-reference"
              popper-class=""
            >
              <transition-stub>
                <div
                  aria-hidden="true"
                  class="t-popup"
                  role="tooltip"
                  style="display: none;"
                >
                  <div
                    class="t-popup-content t-popup-content--arrow"
                    style="max-width: 480px;"
                  >
                    0
                    <div
                      class="t-popup__arrow"
                      data-popper-arrow="true"
                    />
                  </div>
                </div>
              </transition-stub>
              
              <div
                class="t-slider__button"
              />
              
            </div>
          </div>
          <div
            class="t-slider__button-wrapper"
            disabled="false"
            show-tooltip="true"
            style="left: 0%;"
            tabindex="0"
          >
            <div
              class="t-popup-reference"
              popper-class=""
            >
              <transition-stub>
                <div
                  aria-hidden="true"
                  class="t-popup"
                  role="tooltip"
                  style="display: none;"
                >
                  <div
                    class="t-popup-content t-popup-content--arrow"
                    style="max-width: 480px;"
                  >
                    0
                    <div
                      class="t-popup__arrow"
                      data-popper-arrow="true"
                    />
                  </div>
                </div>
              </transition-stub>
              
              <div
                class="t-slider__button"
              />
              
            </div>
          </div>
          <!---->
          <!---->
        </div>
      </div>
      <div
        class="t-slider-input-container"
      >
        <!---->
        <!---->
        <!---->
      </div>
    </div>
  </div>
</div>
`;
