// Jest Snapshot v1, https://goo.gl/fbAQLP

exports[`Avatar base demo works fine 1`] = `
<div
  class="demo-avatar"
>
  <div
    class="t-avatar t-avatar--circle"
  >
    <img
      alt=""
      src="https://tdesign.gtimg.com/site/avatar.jpg"
    />
  </div>
  <div
    class="t-avatar t-avatar--circle"
  >
    <span>
      
      W
      
    </span>
  </div>
  <div
    class="t-avatar t-avatar--circle t-avatar__icon"
  >
    
    <svg
      class="t-icon t-icon-user"
      version="1.1"
      viewBox="0 0 1024 1024"
      xmlns="http://www.w3.org/2000/svg"
    >
      <path
        d="M512 576C601.92257344 576 686.4307968 599.18159296 759.8745728 639.8946848L760.64 640 797.2160704 658.3197248C818.5708096 669.2764608 832 691.2604224 832 715.261984L832 832C832 867.3462208 803.3462208 896 768 896L256 896C220.653776 896 192 867.3462208 192 832L192 715.2818624C192 691.2790592 205.43055936 669.2941888 226.7869856 658.3380288L263.744 640 264.064 639.936 273.52287808 634.81298816C344.74231744 597.2582336 425.8885952 576 512 576ZM512 640C416.8213984 640 328.5751328 669.6808576 256.01207488 720.2916928L256 832 768 832 768.0210368 720.3147904C695.4517184 669.689888 607.19308032 640 512 640ZM512 159.72895488C618.038672 159.72895488 704 245.69028288 704 351.72895488 704 457.76762624 618.038672 543.72895488 512 543.72895488 405.961328 543.72895488 320 457.76762624 320 351.72895488 320 245.69028288 405.961328 159.72895488 512 159.72895488ZM512 223.72895488C441.307552 223.72895488 384 281.03650688 384 351.72895488 384 422.42140224 441.307552 479.72895488 512 479.72895488 582.692448 479.72895488 640 422.42140224 640 351.72895488 640 281.03650688 582.692448 223.72895488 512 223.72895488Z"
        fill-opacity=".9"
        fill-rule="evenodd"
      />
    </svg>
    
    
  </div>
  <div
    class="t-avatar t-avatar--circle t-avatar__icon"
  >
    
    
    <svg
      class="t-icon t-icon-user"
      version="1.1"
      viewBox="0 0 1024 1024"
      xmlns="http://www.w3.org/2000/svg"
    >
      <path
        d="M512 576C601.92257344 576 686.4307968 599.18159296 759.8745728 639.8946848L760.64 640 797.2160704 658.3197248C818.5708096 669.2764608 832 691.2604224 832 715.261984L832 832C832 867.3462208 803.3462208 896 768 896L256 896C220.653776 896 192 867.3462208 192 832L192 715.2818624C192 691.2790592 205.43055936 669.2941888 226.7869856 658.3380288L263.744 640 264.064 639.936 273.52287808 634.81298816C344.74231744 597.2582336 425.8885952 576 512 576ZM512 640C416.8213984 640 328.5751328 669.6808576 256.01207488 720.2916928L256 832 768 832 768.0210368 720.3147904C695.4517184 669.689888 607.19308032 640 512 640ZM512 159.72895488C618.038672 159.72895488 704 245.69028288 704 351.72895488 704 457.76762624 618.038672 543.72895488 512 543.72895488 405.961328 543.72895488 320 457.76762624 320 351.72895488 320 245.69028288 405.961328 159.72895488 512 159.72895488ZM512 223.72895488C441.307552 223.72895488 384 281.03650688 384 351.72895488 384 422.42140224 441.307552 479.72895488 512 479.72895488 582.692448 479.72895488 640 422.42140224 640 351.72895488 640 281.03650688 582.692448 223.72895488 512 223.72895488Z"
        fill-opacity=".9"
        fill-rule="evenodd"
      />
    </svg>
    
    
    
  </div>
</div>
`;

exports[`Avatar group demo works fine 1`] = `
<div
  class="demo-avatar"
>
  <div
    class="demo-avatar-block"
  >
    <div
      class="t-avatar-group t-avatar--offset-right"
    >
      
      
      <div
        class="t-avatar t-avatar--circle"
      >
        <img
          alt=""
          src="https://tdesign.gtimg.com/site/avatar.jpg"
        />
      </div>
      <div
        class="t-avatar t-avatar--circle"
      >
        <span>
          
          W
          
        </span>
      </div>
      <div
        class="t-avatar t-avatar--circle t-avatar__icon"
      >
        
        <svg
          class="t-icon t-icon-user"
          version="1.1"
          viewBox="0 0 1024 1024"
          xmlns="http://www.w3.org/2000/svg"
        >
          <path
            d="M512 576C601.92257344 576 686.4307968 599.18159296 759.8745728 639.8946848L760.64 640 797.2160704 658.3197248C818.5708096 669.2764608 832 691.2604224 832 715.261984L832 832C832 867.3462208 803.3462208 896 768 896L256 896C220.653776 896 192 867.3462208 192 832L192 715.2818624C192 691.2790592 205.43055936 669.2941888 226.7869856 658.3380288L263.744 640 264.064 639.936 273.52287808 634.81298816C344.74231744 597.2582336 425.8885952 576 512 576ZM512 640C416.8213984 640 328.5751328 669.6808576 256.01207488 720.2916928L256 832 768 832 768.0210368 720.3147904C695.4517184 669.689888 607.19308032 640 512 640ZM512 159.72895488C618.038672 159.72895488 704 245.69028288 704 351.72895488 704 457.76762624 618.038672 543.72895488 512 543.72895488 405.961328 543.72895488 320 457.76762624 320 351.72895488 320 245.69028288 405.961328 159.72895488 512 159.72895488ZM512 223.72895488C441.307552 223.72895488 384 281.03650688 384 351.72895488 384 422.42140224 441.307552 479.72895488 512 479.72895488 582.692448 479.72895488 640 422.42140224 640 351.72895488 640 281.03650688 582.692448 223.72895488 512 223.72895488Z"
            fill-opacity=".9"
            fill-rule="evenodd"
          />
        </svg>
        
        
      </div>
      
      
    </div>
  </div>
  <div
    class="demo-avatar-block"
  >
    <div
      class="t-avatar-group t-avatar--offset-right"
    >
      
      
      <div
        class="t-avatar t-avatar--circle"
      >
        <img
          alt=""
          src="https://tdesign.gtimg.com/site/avatar.jpg"
        />
      </div>
      <div
        class="t-avatar t-avatar--circle"
      >
        <span>
          
          W
          
        </span>
      </div>
      <div
        class="t-avatar t-avatar--circle t-avatar__icon"
      >
        
        <svg
          class="t-icon t-icon-user"
          version="1.1"
          viewBox="0 0 1024 1024"
          xmlns="http://www.w3.org/2000/svg"
        >
          <path
            d="M512 576C601.92257344 576 686.4307968 599.18159296 759.8745728 639.8946848L760.64 640 797.2160704 658.3197248C818.5708096 669.2764608 832 691.2604224 832 715.261984L832 832C832 867.3462208 803.3462208 896 768 896L256 896C220.653776 896 192 867.3462208 192 832L192 715.2818624C192 691.2790592 205.43055936 669.2941888 226.7869856 658.3380288L263.744 640 264.064 639.936 273.52287808 634.81298816C344.74231744 597.2582336 425.8885952 576 512 576ZM512 640C416.8213984 640 328.5751328 669.6808576 256.01207488 720.2916928L256 832 768 832 768.0210368 720.3147904C695.4517184 669.689888 607.19308032 640 512 640ZM512 159.72895488C618.038672 159.72895488 704 245.69028288 704 351.72895488 704 457.76762624 618.038672 543.72895488 512 543.72895488 405.961328 543.72895488 320 457.76762624 320 351.72895488 320 245.69028288 405.961328 159.72895488 512 159.72895488ZM512 223.72895488C441.307552 223.72895488 384 281.03650688 384 351.72895488 384 422.42140224 441.307552 479.72895488 512 479.72895488 582.692448 479.72895488 640 422.42140224 640 351.72895488 640 281.03650688 582.692448 223.72895488 512 223.72895488Z"
            fill-opacity=".9"
            fill-rule="evenodd"
          />
        </svg>
        
        
      </div>
      
      
    </div>
  </div>
</div>
`;

exports[`Avatar groupCascading demo works fine 1`] = `
<div
  class="demo-avatar"
>
  <div
    class="demo-avatar-block"
  >
    <div
      class="t-avatar-group t-avatar--offset-right"
    >
      
      
      <div
        class="t-avatar t-avatar--circle"
      >
        <img
          alt=""
          src="https://tdesign.gtimg.com/site/avatar.jpg"
        />
      </div>
      <div
        class="t-avatar t-avatar--circle"
      >
        <span>
          
          W
          
        </span>
      </div>
      <div
        class="t-avatar t-avatar--circle t-avatar__icon"
      >
        
        <svg
          class="t-icon t-icon-user"
          version="1.1"
          viewBox="0 0 1024 1024"
          xmlns="http://www.w3.org/2000/svg"
        >
          <path
            d="M512 576C601.92257344 576 686.4307968 599.18159296 759.8745728 639.8946848L760.64 640 797.2160704 658.3197248C818.5708096 669.2764608 832 691.2604224 832 715.261984L832 832C832 867.3462208 803.3462208 896 768 896L256 896C220.653776 896 192 867.3462208 192 832L192 715.2818624C192 691.2790592 205.43055936 669.2941888 226.7869856 658.3380288L263.744 640 264.064 639.936 273.52287808 634.81298816C344.74231744 597.2582336 425.8885952 576 512 576ZM512 640C416.8213984 640 328.5751328 669.6808576 256.01207488 720.2916928L256 832 768 832 768.0210368 720.3147904C695.4517184 669.689888 607.19308032 640 512 640ZM512 159.72895488C618.038672 159.72895488 704 245.69028288 704 351.72895488 704 457.76762624 618.038672 543.72895488 512 543.72895488 405.961328 543.72895488 320 457.76762624 320 351.72895488 320 245.69028288 405.961328 159.72895488 512 159.72895488ZM512 223.72895488C441.307552 223.72895488 384 281.03650688 384 351.72895488 384 422.42140224 441.307552 479.72895488 512 479.72895488 582.692448 479.72895488 640 422.42140224 640 351.72895488 640 281.03650688 582.692448 223.72895488 512 223.72895488Z"
            fill-opacity=".9"
            fill-rule="evenodd"
          />
        </svg>
        
        
      </div>
      
      
    </div>
  </div>
  <div
    class="demo-avatar-block"
  >
    <div
      class="t-avatar-group t-avatar--offset-left"
    >
      
      
      <div
        class="t-avatar t-avatar--circle"
      >
        <img
          alt=""
          src="https://tdesign.gtimg.com/site/avatar.jpg"
        />
      </div>
      <div
        class="t-avatar t-avatar--circle"
      >
        <span>
          
          W
          
        </span>
      </div>
      <div
        class="t-avatar t-avatar--circle t-avatar__icon"
      >
        
        <svg
          class="t-icon t-icon-user"
          version="1.1"
          viewBox="0 0 1024 1024"
          xmlns="http://www.w3.org/2000/svg"
        >
          <path
            d="M512 576C601.92257344 576 686.4307968 599.18159296 759.8745728 639.8946848L760.64 640 797.2160704 658.3197248C818.5708096 669.2764608 832 691.2604224 832 715.261984L832 832C832 867.3462208 803.3462208 896 768 896L256 896C220.653776 896 192 867.3462208 192 832L192 715.2818624C192 691.2790592 205.43055936 669.2941888 226.7869856 658.3380288L263.744 640 264.064 639.936 273.52287808 634.81298816C344.74231744 597.2582336 425.8885952 576 512 576ZM512 640C416.8213984 640 328.5751328 669.6808576 256.01207488 720.2916928L256 832 768 832 768.0210368 720.3147904C695.4517184 669.689888 607.19308032 640 512 640ZM512 159.72895488C618.038672 159.72895488 704 245.69028288 704 351.72895488 704 457.76762624 618.038672 543.72895488 512 543.72895488 405.961328 543.72895488 320 457.76762624 320 351.72895488 320 245.69028288 405.961328 159.72895488 512 159.72895488ZM512 223.72895488C441.307552 223.72895488 384 281.03650688 384 351.72895488 384 422.42140224 441.307552 479.72895488 512 479.72895488 582.692448 479.72895488 640 422.42140224 640 351.72895488 640 281.03650688 582.692448 223.72895488 512 223.72895488Z"
            fill-opacity=".9"
            fill-rule="evenodd"
          />
        </svg>
        
        
      </div>
      
      
    </div>
  </div>
</div>
`;

exports[`Avatar groupMax demo works fine 1`] = `
<div
  class="demo-avatar"
>
  <div
    class="demo-avatar-block"
  >
    <div
      class="t-avatar-group t-avatar--offset-right"
    >
      
      
      
      <div
        class="t-avatar t-avatar--circle"
      >
        <img
          alt=""
          src="https://tdesign.gtimg.com/site/avatar.jpg"
        />
      </div>
      <div
        class="t-avatar t-avatar--circle"
      >
        <span>
          
          Avatar
          
        </span>
      </div>
      <div
        class="t-avatar t-avatar--circle"
      >
        <span>
          
          +1
          
        </span>
      </div>
      
      
      
    </div>
  </div>
  <div
    class="demo-avatar-block"
  >
    <div
      class="t-avatar-group t-avatar--offset-right"
    >
      
      
      
      <div
        class="t-avatar t-avatar--circle"
      >
        <img
          alt=""
          src="https://tdesign.gtimg.com/site/avatar.jpg"
        />
      </div>
      <div
        class="t-avatar t-avatar--circle"
      >
        <span>
          
          Avatar
          
        </span>
      </div>
      <div
        class="t-avatar t-avatar--circle"
      >
        
        <svg
          class="t-icon t-icon-ellipsis"
          version="1.1"
          viewBox="0 0 1024 1024"
          xmlns="http://www.w3.org/2000/svg"
        >
          <path
            d="M192 448C227.346224 448 256 476.653776 256 512 256 547.346224 227.346224 576 192 576 156.653776 576 128 547.346224 128 512 128 476.653776 156.653776 448 192 448ZM512 448C547.346224 448 576 476.653776 576 512 576 547.346224 547.346224 576 512 576 476.653776 576 448 547.346224 448 512 448 476.653776 476.653776 448 512 448ZM832 448C867.3462208 448 896 476.653776 896 512 896 547.346224 867.3462208 576 832 576 796.6537792 576 768 547.346224 768 512 768 476.653776 796.6537792 448 832 448Z"
            fill-opacity=".9"
            fill-rule="evenodd"
          />
        </svg>
        <span>
          
          
          
        </span>
        
      </div>
      
      
      
    </div>
  </div>
  <div
    class="demo-avatar-block"
  >
    <div
      class="t-avatar-group t-avatar--offset-right"
    >
      
      
      
      <div
        class="t-avatar t-avatar--circle"
      >
        <img
          alt=""
          src="https://tdesign.gtimg.com/site/avatar.jpg"
        />
      </div>
      <div
        class="t-avatar t-avatar--circle"
      >
        <span>
          
          Avatar
          
        </span>
      </div>
      <div
        class="t-avatar t-avatar--circle"
      >
        <span>
          
          
          
        </span>
      </div>
      
      
      
    </div>
  </div>
</div>
`;

exports[`Avatar shape demo works fine 1`] = `
<div
  class="demo-avatar"
>
  <div
    class="t-avatar t-avatar--circle"
  >
    <span>
      
      W
      
    </span>
  </div>
  <div
    class="t-avatar t-avatar--round"
  >
    <span>
      
       W 
      
    </span>
  </div>
</div>
`;

exports[`Avatar size demo works fine 1`] = `
<div
  class="demo-avatar"
>
  <div
    class="demo-avatar-block"
  >
    <div
      class="t-avatar t-avatar--circle"
    >
      <span>
        
         W 
        
      </span>
    </div>
    <div
      class="t-avatar t-avatar--circle"
    >
      <span>
        
         W 
        
      </span>
    </div>
    <div
      class="t-avatar t-avatar--circle"
    >
      <span>
        
         W 
        
      </span>
    </div>
    <div
      class="t-avatar t-avatar--circle"
    >
      <span>
        
         W 
        
      </span>
    </div>
  </div>
  <div
    class="demo-avatar-block"
  >
    <div
      class="t-avatar t-avatar--round"
    >
      <span>
        
         W 
        
      </span>
    </div>
    <div
      class="t-avatar t-avatar--round"
    >
      <span>
        
         W 
        
      </span>
    </div>
    <div
      class="t-avatar t-avatar--round"
    >
      <span>
        
         W 
        
      </span>
    </div>
    <div
      class="t-avatar t-avatar--round"
    >
      <span>
        
         W 
        
      </span>
    </div>
  </div>
</div>
`;

exports[`Avatar size demo works fine 2`] = `
<div
  class="demo-avatar"
>
  <div
    class="t-avatar t-avatar--circle"
  >
    <span>
      
      王
      
    </span>
  </div>
  <div
    class="t-avatar t-avatar--circle"
  >
    <span>
      
      王亿
      
    </span>
  </div>
  <div
    class="t-avatar t-avatar--circle"
  >
    <span>
      
      王亿亿
      
    </span>
  </div>
</div>
`;
