// Jest Snapshot v1, https://goo.gl/fbAQLP

exports[`Calendar :props :firstDayOfWeek 1`] = ``;

exports[`Calendar :props :isShowWeekendDefault 1`] = ``;

exports[`Calendar :props :mode 1`] = ``;

exports[`Calendar :props :range 1`] = ``;

exports[`Calendar :props :theme 1`] = ``;

exports[`Calendar :props :value 1`] = ``;
