// Jest Snapshot v1, https://goo.gl/fbAQLP

exports[`Iconfont :props :size 1`] = `
<div><svg viewBox="0 0 1024 1024" version="1.1" xmlns="http://www.w3.org/2000/svg" class="t-icon t-icon-loading">
    <path fill-opacity=".9" fill-rule="evenodd" d="M96 512C96 282.264 282.264 96 512 96 741.736 96 928 282.264 928 512L824 512 824 512C824 339.68715776 684.3128448 200 512 200 339.68715776 200 200 339.68715776 200 512 200 684.3128448 339.68715776 824 512 824L512 928C282.264 928 96 741.736 96 512Z"></path>
  </svg><svg viewBox="0 0 1024 1024" version="1.1" xmlns="http://www.w3.org/2000/svg" class="t-icon t-icon-close">
    <path fill-opacity=".9" fill-rule="evenodd" d="M760.9780096 217.6L806.2328448 262.85483392 557.312 511.744 806.2328448 760.6580096 760.9780096 805.9128448 512.064 556.992 263.17483392 805.9128448 217.92 760.6580096 466.816 511.744 217.92 262.85483392 263.17483392 217.6 512.064 466.496 760.9780096 217.6Z"></path>
  </svg><svg viewBox="0 0 1024 1024" version="1.1" xmlns="http://www.w3.org/2000/svg" class="t-icon t-icon-check-circle-filled">
    <path fill-opacity=".9" fill-rule="evenodd" d="M512 96C741.7504576 96 928 282.24954432 928 512 928 741.7504576 741.7504576 928 512 928 282.24954432 928 96 741.7504576 96 512 96 282.24954432 282.24954432 96 512 96ZM690.8655168 353.58818368L464.56401024 579.82818368 328.82684416 444.09785152 283.57201024 489.35268544 464.59134592 670.3720192 509.84617984 625.1171872 736.120352 398.8430176 690.8655168 353.58818368Z"></path>
  </svg><svg viewBox="0 0 1024 1024" version="1.1" xmlns="http://www.w3.org/2000/svg" class="t-icon t-icon-check-circle-filled t-size-xs">
    <path fill-opacity=".9" fill-rule="evenodd" d="M512 96C741.7504576 96 928 282.24954432 928 512 928 741.7504576 741.7504576 928 512 928 282.24954432 928 96 741.7504576 96 512 96 282.24954432 282.24954432 96 512 96ZM690.8655168 353.58818368L464.56401024 579.82818368 328.82684416 444.09785152 283.57201024 489.35268544 464.59134592 670.3720192 509.84617984 625.1171872 736.120352 398.8430176 690.8655168 353.58818368Z"></path>
  </svg><svg viewBox="0 0 1024 1024" version="1.1" xmlns="http://www.w3.org/2000/svg" class="t-icon t-icon-check-circle-filled t-size-s">
    <path fill-opacity=".9" fill-rule="evenodd" d="M512 96C741.7504576 96 928 282.24954432 928 512 928 741.7504576 741.7504576 928 512 928 282.24954432 928 96 741.7504576 96 512 96 282.24954432 282.24954432 96 512 96ZM690.8655168 353.58818368L464.56401024 579.82818368 328.82684416 444.09785152 283.57201024 489.35268544 464.59134592 670.3720192 509.84617984 625.1171872 736.120352 398.8430176 690.8655168 353.58818368Z"></path>
  </svg><svg viewBox="0 0 1024 1024" version="1.1" xmlns="http://www.w3.org/2000/svg" class="t-icon t-icon-check-circle-filled">
    <path fill-opacity=".9" fill-rule="evenodd" d="M512 96C741.7504576 96 928 282.24954432 928 512 928 741.7504576 741.7504576 928 512 928 282.24954432 928 96 741.7504576 96 512 96 282.24954432 282.24954432 96 512 96ZM690.8655168 353.58818368L464.56401024 579.82818368 328.82684416 444.09785152 283.57201024 489.35268544 464.59134592 670.3720192 509.84617984 625.1171872 736.120352 398.8430176 690.8655168 353.58818368Z"></path>
  </svg><svg viewBox="0 0 1024 1024" version="1.1" xmlns="http://www.w3.org/2000/svg" class="t-icon t-icon-check-circle-filled t-size-m">
    <path fill-opacity=".9" fill-rule="evenodd" d="M512 96C741.7504576 96 928 282.24954432 928 512 928 741.7504576 741.7504576 928 512 928 282.24954432 928 96 741.7504576 96 512 96 282.24954432 282.24954432 96 512 96ZM690.8655168 353.58818368L464.56401024 579.82818368 328.82684416 444.09785152 283.57201024 489.35268544 464.59134592 670.3720192 509.84617984 625.1171872 736.120352 398.8430176 690.8655168 353.58818368Z"></path>
  </svg><svg viewBox="0 0 1024 1024" version="1.1" xmlns="http://www.w3.org/2000/svg" class="t-icon t-icon-check-circle-filled t-size-l">
    <path fill-opacity=".9" fill-rule="evenodd" d="M512 96C741.7504576 96 928 282.24954432 928 512 928 741.7504576 741.7504576 928 512 928 282.24954432 928 96 741.7504576 96 512 96 282.24954432 282.24954432 96 512 96ZM690.8655168 353.58818368L464.56401024 579.82818368 328.82684416 444.09785152 283.57201024 489.35268544 464.59134592 670.3720192 509.84617984 625.1171872 736.120352 398.8430176 690.8655168 353.58818368Z"></path>
  </svg><svg viewBox="0 0 1024 1024" version="1.1" xmlns="http://www.w3.org/2000/svg" class="t-icon t-icon-check-circle-filled t-size-xl">
    <path fill-opacity=".9" fill-rule="evenodd" d="M512 96C741.7504576 96 928 282.24954432 928 512 928 741.7504576 741.7504576 928 512 928 282.24954432 928 96 741.7504576 96 512 96 282.24954432 282.24954432 96 512 96ZM690.8655168 353.58818368L464.56401024 579.82818368 328.82684416 444.09785152 283.57201024 489.35268544 464.59134592 670.3720192 509.84617984 625.1171872 736.120352 398.8430176 690.8655168 353.58818368Z"></path>
  </svg><svg viewBox="0 0 1024 1024" version="1.1" xmlns="http://www.w3.org/2000/svg" class="t-icon t-icon-check-circle-filled" style="font-size: 25px;">
    <path fill-opacity=".9" fill-rule="evenodd" d="M512 96C741.7504576 96 928 282.24954432 928 512 928 741.7504576 741.7504576 928 512 928 282.24954432 928 96 741.7504576 96 512 96 282.24954432 282.24954432 96 512 96ZM690.8655168 353.58818368L464.56401024 579.82818368 328.82684416 444.09785152 283.57201024 489.35268544 464.59134592 670.3720192 509.84617984 625.1171872 736.120352 398.8430176 690.8655168 353.58818368Z"></path>
  </svg><svg viewBox="0 0 1024 1024" version="1.1" xmlns="http://www.w3.org/2000/svg" class="t-icon t-icon-check-circle-filled" style="font-size: 2em;">
    <path fill-opacity=".9" fill-rule="evenodd" d="M512 96C741.7504576 96 928 282.24954432 928 512 928 741.7504576 741.7504576 928 512 928 282.24954432 928 96 741.7504576 96 512 96 282.24954432 282.24954432 96 512 96ZM690.8655168 353.58818368L464.56401024 579.82818368 328.82684416 444.09785152 283.57201024 489.35268544 464.59134592 670.3720192 509.84617984 625.1171872 736.120352 398.8430176 690.8655168 353.58818368Z"></path>
  </svg><svg viewBox="0 0 1024 1024" version="1.1" xmlns="http://www.w3.org/2000/svg" class="t-icon t-icon-check-circle-filled" style="color: red;">
    <path fill-opacity=".9" fill-rule="evenodd" d="M512 96C741.7504576 96 928 282.24954432 928 512 928 741.7504576 741.7504576 928 512 928 282.24954432 928 96 741.7504576 96 512 96 282.24954432 282.24954432 96 512 96ZM690.8655168 353.58818368L464.56401024 579.82818368 328.82684416 444.09785152 283.57201024 489.35268544 464.59134592 670.3720192 509.84617984 625.1171872 736.120352 398.8430176 690.8655168 353.58818368Z"></path>
  </svg><svg viewBox="0 0 1024 1024" version="1.1" xmlns="http://www.w3.org/2000/svg" class="t-icon t-icon-check-circle-filled" style="color: green;">
    <path fill-opacity=".9" fill-rule="evenodd" d="M512 96C741.7504576 96 928 282.24954432 928 512 928 741.7504576 741.7504576 928 512 928 282.24954432 928 96 741.7504576 96 512 96 282.24954432 282.24954432 96 512 96ZM690.8655168 353.58818368L464.56401024 579.82818368 328.82684416 444.09785152 283.57201024 489.35268544 464.59134592 670.3720192 509.84617984 625.1171872 736.120352 398.8430176 690.8655168 353.58818368Z"></path>
  </svg><svg viewBox="0 0 1024 1024" version="1.1" xmlns="http://www.w3.org/2000/svg" class="t-icon t-icon-check-circle-filled" style="color: orange;">
    <path fill-opacity=".9" fill-rule="evenodd" d="M512 96C741.7504576 96 928 282.24954432 928 512 928 741.7504576 741.7504576 928 512 928 282.24954432 928 96 741.7504576 96 512 96 282.24954432 282.24954432 96 512 96ZM690.8655168 353.58818368L464.56401024 579.82818368 328.82684416 444.09785152 283.57201024 489.35268544 464.59134592 670.3720192 509.84617984 625.1171872 736.120352 398.8430176 690.8655168 353.58818368Z"></path>
  </svg></div>
`;
