// Jest Snapshot v1, https://goo.gl/fbAQLP

exports[`Upload base demo works fine 1`] = `
<section>
  <div>
    <input
      hidden="hidden"
      type="file"
    />
  </div>
  <ul
    class="t-upload-list"
  />
</section>
`;
