// Jest Snapshot v1, https://goo.gl/fbAQLP

exports[`Loading <slot> <indicator> 1`] = `
<div
  class="t-loading t-size-m t-loading-mask t-loading-lock v-transfer-dom"
>
  <svg
    class="t-loading__gradient t-icon-loading"
    height="1em"
    size="medium"
    version="1.1"
    viewBox="0 0 14 14"
    width="1em"
    xmlns="http://www.w3.org/2000/svg"
  >
    <foreignobject
      height="12"
      width="12"
      x="1"
      y="1"
    >
      <div
        class="t-loading__gradient-conic"
      />
    </foreignobject>
  </svg>
  <!---->
</div>
`;
